
> railsense@0.1.0 build
> next build

Γû▓ Next.js 16.1.7 (Turbopack)
- Environments: .env.local

  Creating an optimized production build ...
Γ£ô Compiled successfully in 7.8s
  Running TypeScript ...
  Collecting page data using 5 workers ...
node.exe : [Analytics] Failed to load database: Error: Failed to load external 
module sqlite3-03df7d93c81c1156: Error: Could not locate the bindings file. 
Tried:
At C:\Users\Yesu Babu\AppData\Roaming\npm\npm.ps1:24 char:5
+     & "node$exe"  "$basedir/node_modules/npm/bin/npm-cli.js" $args
+     ~~~~~~~~~~~~~~~~~~~~~~~~~~~~~~~~~~~~~~~~~~~~~~~~~~~~~~~~~~~~~~
    + CategoryInfo          : NotSpecified: ([Analytics] Fai...gs file. Tried: 
   :String) [], RemoteException
    + FullyQualifiedErrorId : NativeCommandError
 
 ΓåÆ C:\Railsense\node_modules\sqlite3\build\node_sqlite3.node
 ΓåÆ C:\Railsense\node_modules\sqlite3\build\Debug\node_sqlite3.node
 ΓåÆ C:\Railsense\node_modules\sqlite3\build\Release\node_sqlite3.node
 ΓåÆ C:\Railsense\node_modules\sqlite3\out\Debug\node_sqlite3.node
 ΓåÆ C:\Railsense\node_modules\sqlite3\Debug\node_sqlite3.node
 ΓåÆ C:\Railsense\node_modules\sqlite3\out\Release\node_sqlite3.node
 ΓåÆ C:\Railsense\node_modules\sqlite3\Release\node_sqlite3.node
 ΓåÆ C:\Railsense\node_modules\sqlite3\build\default\node_sqlite3.node
 ΓåÆ 
C:\Railsense\node_modules\sqlite3\compiled\24.13.0\win32\x64\node_sqlite3.node
 ΓåÆ C:\Railsense\node_modules\sqlite3\addon-build\release\install-root\node_sq
lite3.node
 ΓåÆ C:\Railsense\node_modules\sqlite3\addon-build\debug\install-root\node_sqli
te3.node
 ΓåÆ C:\Railsense\node_modules\sqlite3\addon-build\default\install-root\node_sq
lite3.node
 ΓåÆ C:\Railsense\node_modules\sqlite3\lib\binding\node-v137-win32-x64\node_sql
ite3.node
    at Context.externalRequire [as x] 
(C:\Railsense\.next\server\chunks\[turbopack]_runtime.js:535:15)
    at module evaluation 
(C:\Railsense\.next\server\chunks\[root-of-the-server]__ca8e61f3._.js:1:1076)
    at instantiateModule 
(C:\Railsense\.next\server\chunks\[turbopack]_runtime.js:740:9)
    at getOrInstantiateModuleFromParent 
(C:\Railsense\.next\server\chunks\[turbopack]_runtime.js:763:12)
    at Context.esmImport [as i] 
(C:\Railsense\.next\server\chunks\[turbopack]_runtime.js:228:20)
    at module evaluation 
(C:\Railsense\.next\server\chunks\[root-of-the-server]__ca8e61f3._.js:1:1178)
    at instantiateModule 
(C:\Railsense\.next\server\chunks\[turbopack]_runtime.js:740:9)
    at getOrInstantiateModuleFromParent 
(C:\Railsense\.next\server\chunks\[turbopack]_runtime.js:763:12)
    at Context.commonJsRequire [as r] 
(C:\Railsense\.next\server\chunks\[turbopack]_runtime.js:249:12)
    at new <anonymous> (C:\Railsense\.next\server\chunks\_8b3adea7._.js:1:92)
[DataService] Failed to load real data providers: Error: Failed to load 
external module sqlite3-03df7d93c81c1156: Error: Could not locate the bindings 
file. Tried:
 ΓåÆ C:\Railsense\node_modules\sqlite3\build\node_sqlite3.node
 ΓåÆ C:\Railsense\node_modules\sqlite3\build\Debug\node_sqlite3.node
 ΓåÆ C:\Railsense\node_modules\sqlite3\build\Release\node_sqlite3.node
 ΓåÆ C:\Railsense\node_modules\sqlite3\out\Debug\node_sqlite3.node
 ΓåÆ C:\Railsense\node_modules\sqlite3\Debug\node_sqlite3.node
 ΓåÆ C:\Railsense\node_modules\sqlite3\out\Release\node_sqlite3.node
 ΓåÆ C:\Railsense\node_modules\sqlite3\Release\node_sqlite3.node
 ΓåÆ C:\Railsense\node_modules\sqlite3\build\default\node_sqlite3.node
 ΓåÆ 
C:\Railsense\node_modules\sqlite3\compiled\24.13.0\win32\x64\node_sqlite3.node
 ΓåÆ C:\Railsense\node_modules\sqlite3\addon-build\release\install-root\node_sq
lite3.node
 ΓåÆ C:\Railsense\node_modules\sqlite3\addon-build\debug\install-root\node_sqli
te3.node
 ΓåÆ C:\Railsense\node_modules\sqlite3\addon-build\default\install-root\node_sq
lite3.node
 ΓåÆ C:\Railsense\node_modules\sqlite3\lib\binding\node-v137-win32-x64\node_sql
ite3.node
    at Context.externalRequire [as x] 
(C:\Railsense\.next\server\chunks\[turbopack]_runtime.js:535:15)
    at module evaluation 
(C:\Railsense\.next\server\chunks\[root-of-the-server]__ca8e61f3._.js:1:1076)
    at instantiateModule 
(C:\Railsense\.next\server\chunks\[turbopack]_runtime.js:740:9)
    at getOrInstantiateModuleFromParent 
(C:\Railsense\.next\server\chunks\[turbopack]_runtime.js:763:12)
    at Context.esmImport [as i] 
(C:\Railsense\.next\server\chunks\[turbopack]_runtime.js:228:20)
    at module evaluation 
(C:\Railsense\.next\server\chunks\[root-of-the-server]__ca8e61f3._.js:1:1178)
    at instantiateModule 
(C:\Railsense\.next\server\chunks\[turbopack]_runtime.js:740:9)
    at getOrInstantiateModuleFromParent 
(C:\Railsense\.next\server\chunks\[turbopack]_runtime.js:763:12)
    at Context.commonJsRequire [as r] 
(C:\Railsense\.next\server\chunks\[turbopack]_runtime.js:249:12)
    at module evaluation 
(C:\Railsense\.next\server\chunks\_edda0677._.js:1:25279)
[DataRetention] Policy set for train_snapshots: 90 days
[DataRetention] Policy set for halt_events: 180 days
[DataRetention] Policy set for congestion_metrics: 365 days
[DataRetention] Policy set for prediction_records: 60 days
[DataRetention] Policy set for data_quality_logs: 30 days
[DataRetention] Policy set for user_sessions: 7 days
[DataRetention] Policy set for error_logs: 30 days
[DataRetention] Policy set for api_audit_logs: 90 days
[DataService] Failed to load real data providers: Error: Failed to load 
external module sqlite3-03df7d93c81c1156: Error: Could not locate the bindings 
file. Tried:
 ΓåÆ C:\Railsense\node_modules\sqlite3\build\node_sqlite3.node
 ΓåÆ C:\Railsense\node_modules\sqlite3\build\Debug\node_sqlite3.node
 ΓåÆ C:\Railsense\node_modules\sqlite3\build\Release\node_sqlite3.node
 ΓåÆ C:\Railsense\node_modules\sqlite3\out\Debug\node_sqlite3.node
 ΓåÆ C:\Railsense\node_modules\sqlite3\Debug\node_sqlite3.node
 ΓåÆ C:\Railsense\node_modules\sqlite3\out\Release\node_sqlite3.node
 ΓåÆ C:\Railsense\node_modules\sqlite3\Release\node_sqlite3.node
 ΓåÆ C:\Railsense\node_modules\sqlite3\build\default\node_sqlite3.node
 ΓåÆ 
C:\Railsense\node_modules\sqlite3\compiled\24.13.0\win32\x64\node_sqlite3.node
 ΓåÆ C:\Railsense\node_modules\sqlite3\addon-build\release\install-root\node_sq
lite3.node
 ΓåÆ C:\Railsense\node_modules\sqlite3\addon-build\debug\install-root\node_sqli
te3.node
 ΓåÆ C:\Railsense\node_modules\sqlite3\addon-build\default\install-root\node_sq
lite3.node
 ΓåÆ C:\Railsense\node_modules\sqlite3\lib\binding\node-v137-win32-x64\node_sql
ite3.node
    at Context.externalRequire [as x] 
(C:\Railsense\.next\server\chunks\[turbopack]_runtime.js:535:15)
    at module evaluation 
(C:\Railsense\.next\server\chunks\[root-of-the-server]__e6733818._.js:1:925)
    at instantiateModule 
(C:\Railsense\.next\server\chunks\[turbopack]_runtime.js:740:9)
    at getOrInstantiateModuleFromParent 
(C:\Railsense\.next\server\chunks\[turbopack]_runtime.js:763:12)
    at Context.esmImport [as i] 
(C:\Railsense\.next\server\chunks\[turbopack]_runtime.js:228:20)
    at module evaluation 
(C:\Railsense\.next\server\chunks\[root-of-the-server]__e6733818._.js:1:1027)
    at instantiateModule 
(C:\Railsense\.next\server\chunks\[turbopack]_runtime.js:740:9)
    at getOrInstantiateModuleFromParent 
(C:\Railsense\.next\server\chunks\[turbopack]_runtime.js:763:12)
    at Context.commonJsRequire [as r] 
(C:\Railsense\.next\server\chunks\[turbopack]_runtime.js:249:12)
    at module evaluation 
(C:\Railsense\.next\server\chunks\_edda0677._.js:1:25279)
[DataService] Failed to load real data providers: Error: Failed to load 
external module sqlite3-03df7d93c81c1156: Error: Could not locate the bindings 
file. Tried:
 ΓåÆ C:\Railsense\node_modules\sqlite3\build\node_sqlite3.node
 ΓåÆ C:\Railsense\node_modules\sqlite3\build\Debug\node_sqlite3.node
 ΓåÆ C:\Railsense\node_modules\sqlite3\build\Release\node_sqlite3.node
 ΓåÆ C:\Railsense\node_modules\sqlite3\out\Debug\node_sqlite3.node
 ΓåÆ C:\Railsense\node_modules\sqlite3\Debug\node_sqlite3.node
 ΓåÆ C:\Railsense\node_modules\sqlite3\out\Release\node_sqlite3.node
 ΓåÆ C:\Railsense\node_modules\sqlite3\Release\node_sqlite3.node
 ΓåÆ C:\Railsense\node_modules\sqlite3\build\default\node_sqlite3.node
 ΓåÆ 
C:\Railsense\node_modules\sqlite3\compiled\24.13.0\win32\x64\node_sqlite3.node
 ΓåÆ C:\Railsense\node_modules\sqlite3\addon-build\release\install-root\node_sq
lite3.node
 ΓåÆ C:\Railsense\node_modules\sqlite3\addon-build\debug\install-root\node_sqli
te3.node
 ΓåÆ C:\Railsense\node_modules\sqlite3\addon-build\default\install-root\node_sq
lite3.node
 ΓåÆ C:\Railsense\node_modules\sqlite3\lib\binding\node-v137-win32-x64\node_sql
ite3.node
    at Context.externalRequire [as x] 
(C:\Railsense\.next\server\chunks\[turbopack]_runtime.js:535:15)
    at module evaluation 
(C:\Railsense\.next\server\chunks\[root-of-the-server]__e6733818._.js:1:925)
    at instantiateModule 
(C:\Railsense\.next\server\chunks\[turbopack]_runtime.js:740:9)
    at getOrInstantiateModuleFromParent 
(C:\Railsense\.next\server\chunks\[turbopack]_runtime.js:763:12)
    at Context.esmImport [as i] 
(C:\Railsense\.next\server\chunks\[turbopack]_runtime.js:228:20)
    at module evaluation 
(C:\Railsense\.next\server\chunks\[root-of-the-server]__e6733818._.js:1:1027)
    at instantiateModule 
(C:\Railsense\.next\server\chunks\[turbopack]_runtime.js:740:9)
    at getOrInstantiateModuleFromParent 
(C:\Railsense\.next\server\chunks\[turbopack]_runtime.js:763:12)
    at Context.commonJsRequire [as r] 
(C:\Railsense\.next\server\chunks\[turbopack]_runtime.js:249:12)
    at module evaluation 
(C:\Railsense\.next\server\chunks\_95f273d3._.js:1:24141)
[MLModelService] Model initialized with v1.0
[DataService] Failed to load real data providers: Error: Failed to load 
external module sqlite3-03df7d93c81c1156: Error: Could not locate the bindings 
file. Tried:
 ΓåÆ C:\Railsense\node_modules\sqlite3\build\node_sqlite3.node
 ΓåÆ C:\Railsense\node_modules\sqlite3\build\Debug\node_sqlite3.node
 ΓåÆ C:\Railsense\node_modules\sqlite3\build\Release\node_sqlite3.node
 ΓåÆ C:\Railsense\node_modules\sqlite3\out\Debug\node_sqlite3.node
 ΓåÆ C:\Railsense\node_modules\sqlite3\Debug\node_sqlite3.node
 ΓåÆ C:\Railsense\node_modules\sqlite3\out\Release\node_sqlite3.node
 ΓåÆ C:\Railsense\node_modules\sqlite3\Release\node_sqlite3.node
 ΓåÆ C:\Railsense\node_modules\sqlite3\build\default\node_sqlite3.node
 ΓåÆ 
C:\Railsense\node_modules\sqlite3\compiled\24.13.0\win32\x64\node_sqlite3.node
 ΓåÆ C:\Railsense\node_modules\sqlite3\addon-build\release\install-root\node_sq
lite3.node
 ΓåÆ C:\Railsense\node_modules\sqlite3\addon-build\debug\install-root\node_sqli
te3.node
 ΓåÆ C:\Railsense\node_modules\sqlite3\addon-build\default\install-root\node_sq
lite3.node
 ΓåÆ C:\Railsense\node_modules\sqlite3\lib\binding\node-v137-win32-x64\node_sql
ite3.node
    at Context.externalRequire [as x] 
(C:\Railsense\.next\server\chunks\[turbopack]_runtime.js:535:15)
    at module evaluation 
(C:\Railsense\.next\server\chunks\[root-of-the-server]__e6733818._.js:1:925)
    at instantiateModule 
(C:\Railsense\.next\server\chunks\[turbopack]_runtime.js:740:9)
    at getOrInstantiateModuleFromParent 
(C:\Railsense\.next\server\chunks\[turbopack]_runtime.js:763:12)
    at Context.esmImport [as i] 
(C:\Railsense\.next\server\chunks\[turbopack]_runtime.js:228:20)
    at module evaluation 
(C:\Railsense\.next\server\chunks\[root-of-the-server]__e6733818._.js:1:1027)
    at instantiateModule 
(C:\Railsense\.next\server\chunks\[turbopack]_runtime.js:740:9)
    at getOrInstantiateModuleFromParent 
(C:\Railsense\.next\server\chunks\[turbopack]_runtime.js:763:12)
    at Context.commonJsRequire [as r] 
(C:\Railsense\.next\server\chunks\[turbopack]_runtime.js:249:12)
    at module evaluation 
(C:\Railsense\.next\server\chunks\_95f273d3._.js:1:24141)
[DataService] Failed to load real data providers: Error: Failed to load 
external module sqlite3-03df7d93c81c1156: Error: Could not locate the bindings 
file. Tried:
 ΓåÆ C:\Railsense\node_modules\sqlite3\build\node_sqlite3.node
 ΓåÆ C:\Railsense\node_modules\sqlite3\build\Debug\node_sqlite3.node
 ΓåÆ C:\Railsense\node_modules\sqlite3\build\Release\node_sqlite3.node
 ΓåÆ C:\Railsense\node_modules\sqlite3\out\Debug\node_sqlite3.node
 ΓåÆ C:\Railsense\node_modules\sqlite3\Debug\node_sqlite3.node
 ΓåÆ C:\Railsense\node_modules\sqlite3\out\Release\node_sqlite3.node
 ΓåÆ C:\Railsense\node_modules\sqlite3\Release\node_sqlite3.node
 ΓåÆ C:\Railsense\node_modules\sqlite3\build\default\node_sqlite3.node
 ΓåÆ 
C:\Railsense\node_modules\sqlite3\compiled\24.13.0\win32\x64\node_sqlite3.node
 ΓåÆ C:\Railsense\node_modules\sqlite3\addon-build\release\install-root\node_sq
lite3.node
 ΓåÆ C:\Railsense\node_modules\sqlite3\addon-build\debug\install-root\node_sqli
te3.node
 ΓåÆ C:\Railsense\node_modules\sqlite3\addon-build\default\install-root\node_sq
lite3.node
 ΓåÆ C:\Railsense\node_modules\sqlite3\lib\binding\node-v137-win32-x64\node_sql
ite3.node
    at Context.externalRequire [as x] 
(C:\Railsense\.next\server\chunks\[turbopack]_runtime.js:535:15)
    at module evaluation 
(C:\Railsense\.next\server\chunks\[root-of-the-server]__ca8e61f3._.js:1:1076)
    at instantiateModule 
(C:\Railsense\.next\server\chunks\[turbopack]_runtime.js:740:9)
    at getOrInstantiateModuleFromParent 
(C:\Railsense\.next\server\chunks\[turbopack]_runtime.js:763:12)
    at Context.esmImport [as i] 
(C:\Railsense\.next\server\chunks\[turbopack]_runtime.js:228:20)
    at module evaluation 
(C:\Railsense\.next\server\chunks\[root-of-the-server]__ca8e61f3._.js:1:1178)
    at instantiateModule 
(C:\Railsense\.next\server\chunks\[turbopack]_runtime.js:740:9)
    at getOrInstantiateModuleFromParent 
(C:\Railsense\.next\server\chunks\[turbopack]_runtime.js:763:12)
    at Context.commonJsRequire [as r] 
(C:\Railsense\.next\server\chunks\[turbopack]_runtime.js:249:12)
    at new <anonymous> (C:\Railsense\.next\server\chunks\_8b3adea7._.js:1:92)
  Generating static pages using 5 workers (0/38) ...
Γ¿» useSearchParams() should be wrapped in a suspense boundary at page 
"/data-quality". Read more: 
https://nextjs.org/docs/messages/missing-suspense-with-csr-bailout
    at Q 
(C:\Railsense\.next\server\chunks\ssr\node_modules_next_f2865b38._.js:2:2111)
    at o 
(C:\Railsense\.next\server\chunks\ssr\node_modules_next_f2865b38._.js:4:5284)
    at f (C:\Railsense\.next\server\chunks\ssr\_4df52a14._.js:1:393)
    at an (C:\Railsense\node_modules\next\dist\compiled\next-server\app-page-tu
rbo.runtime.prod.js:2:84360)
    at ai (C:\Railsense\node_modules\next\dist\compiled\next-server\app-page-tu
rbo.runtime.prod.js:2:86179)
    at al (C:\Railsense\node_modules\next\dist\compiled\next-server\app-page-tu
rbo.runtime.prod.js:2:107953)
    at as (C:\Railsense\node_modules\next\dist\compiled\next-server\app-page-tu
rbo.runtime.prod.js:2:105368)
    at aa (C:\Railsense\node_modules\next\dist\compiled\next-server\app-page-tu
rbo.runtime.prod.js:2:84712)
    at ai (C:\Railsense\node_modules\next\dist\compiled\next-server\app-page-tu
rbo.runtime.prod.js:2:86228)
    at ai (C:\Railsense\node_modules\next\dist\compiled\next-server\app-page-tu
rbo.runtime.prod.js:2:104708)
Error occurred prerendering page "/data-quality". Read more: 
https://nextjs.org/docs/messages/prerender-error
Export encountered an error on /data-quality/page: /data-quality, exiting the 
build.
Γ¿» Next.js build worker exited with code: 1 and signal: null
