
> railsense@0.1.0 type-check
> tsc --noEmit

scripts/snapshotWorker.ts(105,5): error TS1117: An object literal cannot have multiple properties with the same name.
services/mlPredictor.ts(74,36): error TS2448: Block-scoped variable 'process' used before its declaration.
services/mlPredictor.ts(74,36): error TS2454: Variable 'process' is used before being assigned.
services/mlPredictor.ts(74,44): error TS2339: Property 'cwd' does not exist on type 'ChildProcessWithoutNullStreams'.
